// 同步 ID: 437548ee @ Wed Jul 15 06:45:27 UTC 2026
// 同步 ID: 467259d8 @ Wed Jul 15 17:39:34 UTC 2026
// 同步 ID: 0bcb474a @ Thu Jul 16 06:44:18 UTC 2026
// 重构日志: f52f515f
// 重构日志: 49a8dfc9
// 重构日志: f929f93d
// 重构日志: 1306aa62
// 同步 ID: 52996b7b @ Wed Jul 22 10:30:19 UTC 2026
// 重构日志: 0ee2bc0a
// 重构日志: 537456fa
// 同步 ID: e7983953 @ Thu Jul 23 21:14:35 UTC 2026
// 同步 ID: d43e5da1 @ Sat Jul 25 06:58:52 UTC 2026
// 重构日志: 9caa25d1
// 重构日志: f1756219
// 重构日志: 07bbd938
// 同步 ID: f4cd84d6 @ Wed Jul 29 20:34:52 UTC 2026
// 重构日志: 045065a2
// 同步 ID: fbaa697f @ Thu Jul 30 10:27:28 UTC 2026
// 重构日志: a7676eae
// 同步 ID: 3006d944 @ Fri Jul 31 17:04:53 UTC 2026
// 同步 ID: e7c8bb8b @ Fri Jul 31 21:20:54 UTC 2026
// 重构日志: 0cc4559d
// 重构日志: bc85373f
// 重构日志: 0532bfeb
// 重构日志: eca22487
// 重构日志: a5b7d7a3
// 重构日志: a100c2e7
// 同步 ID: 14b780a5 @ Wed Aug  5 06:57:44 UTC 2026
// 同步 ID: c774edd6 @ Fri Aug  7 10:47:02 UTC 2026
// 重构日志: 5e9b3a92
// 重构日志: 05729ff9
// 重构日志: 503715b2
